[www.sotaimaging.com/index.html]
[www.sotaimaging.com/xmlrpc.php]
[backblue.gif]
[fade.gif]
[index.html]
[www.sotaimaging.com/wp-content/cache/min/1/wp-content/plugins/wp-fuse/public/css/stylef14c.css]
[www.sotaimaging.com/wp-content/themes/Divi/includes/builder/styles/images/preloader.gif]
[www.sotaimaging.com/wp-content/themes/Divi/core/admin/fonts/modules/all/modules.eot]
[www.sotaimaging.com/wp-content/cache/min/1/wp-content/et-cache/2138/et-divi-dynamic-tb-1466-tb-2846-2138-latef14c.css]
[www.sotaimaging.com/feed/index.html]
[www.sotaimaging.com/wp-content/cache/min/1/wp-content/et-cache/2138/et-divi-dynamic-tb-1466-tb-2846-2138f14c.css]
[www.sotaimaging.com/comments/feed/index.html]
[www.sotaimaging.com/wp-content/plugins/divi-plus/styles/style.min3109.css]
[www.sotaimaging.com/wp-content/cache/min/1/wp-content/plugins/divi-essential/styles/style.minf14c.css]
[www.sotaimaging.com/wp-content/cache/min/1/wp-content/themes/Fuse/stylef14c.css]
[www.sotaimaging.com/wp-content/plugins/wp-rocket/assets/img/youtube.png]
[www.sotaimaging.com/wp-includes/js/jquery/jquery.minaf6c.js]
[www.sotaimaging.com/xmlrpc0db0.php]
[www.sotaimaging.com/wp-includes/wlwmanifest.xml]
[www.sotaimaging.com/wp-json/index.html]
[www.sotaimaging.com/apple-touch-icon.png]
[www.sotaimaging.com/favicon-32x32.png]
[www.sotaimaging.com/wp-json/wp/v2/pages/2138/index.html]
[www.sotaimaging.com/favicon-16x16.png]
[www.sotaimaging.com/site.html]
[www.sotaimaging.com/safari-pinned-tab.svg]
[static.zdassets.com/ekr/snippetd2cb.js]
[www.sotaimaging.com/wp-content/uploads/2021/06/header-logo.png]
[www.sotaimaging.com/wp-content/uploads/2021/07/Group-154-510x126.png]
[www.sotaimaging.com/wp-content/uploads/2021/05/clio-logo-slider.png]
[www.sotaimaging.com/wp-content/uploads/2021/05/claris-logo-slider.png]
[www.sotaimaging.com/demo/index.html]
[www.sotaimaging.com/wp-content/uploads/2021/06/cazoo-logo-slider.png]
[www.sotaimaging.com/claris-i5hd-intraoral-camera/index.html]
[www.sotaimaging.com/wp-content/uploads/2021/05/clio-featured-image2.png]
[www.sotaimaging.com/wp-content/uploads/2021/07/featured-sota-cloud.jpg]
[www.sotaimaging.com/wp-content/uploads/2021/05/prod_claris.jpg]
[www.sotaimaging.com/clio-digital-x-ray-sensor/index.html]
[www.sotaimaging.com/wp-content/uploads/2021/05/quality-dental-imaging1.jpg]
[www.sotaimaging.com/clio-prime-digital-x-ray-sensor/index.html]
[www.sotaimaging.com/sota-cloud/index.html]
[www.sotaimaging.com/sota-image/index.html]
[www.sotaimaging.com/wp-content/uploads/2021/05/dental-software-integration2.jpg]
[www.sotaimaging.com/wp-content/uploads/2021/05/dental-imaging-support1.jpg]
[www.sotaimaging.com/cazoo/index.html]
[www.sotaimaging.com/wp-content/uploads/2021/05/dealer_icon.png]
[www.sotaimaging.com/demo-by-mail/index.html]
[www.sotaimaging.com/wp-content/uploads/2021/05/mailbox_icon.png]
[www.sotaimaging.com/technical-support/index.html]
[www.sotaimaging.com/drivers-and-downloads/index.html]
[www.sotaimaging.com/wp-content/uploads/2021/06/footer-logo.png]
[www.sotaimaging.com/about/index.html]
[www.sotaimaging.com/deals/index.html]
[www.sotaimaging.com/product-training/index.html]
[www.sotaimaging.com/wp-content/uploads/2021/07/cloud-slide-desktop.png]
[www.sotaimaging.com/testimonials/index.html]
[www.sotaimaging.com/wp-content/plugins/wp-rocket/assets/js/lazyload/16.1/lazyload.min.js]
[www.sotaimaging.com/sota-success-stories/index.html]
[www.sotaimaging.com/index.html]
[www.sotaimaging.com/contact/index.html]
[www.sotaimaging.com/resource-library/index.html]
[www.sotaimaging.com/xmlrpc.php]
[www.sotaimaging.com/sitemap/index.html]
[www.sotaimaging.com/wp-content/cache/min/1/wp-content/plugins/wp-fuse/public/css/stylef14c.css]
[www.sotaimaging.com/wp-content/cache/min/1/wp-content/et-cache/2138/et-divi-dynamic-tb-1466-tb-2846-2138-latef14c.css]
[www.sotaimaging.com/wp-content/cache/min/1/wp-content/et-cache/2138/et-divi-dynamic-tb-1466-tb-2846-2138f14c.css]
[www.sotaimaging.com/wp-content/cache/min/1/wp-content/plugins/divi-essential/styles/style.minf14c.css]
[www.sotaimaging.com/wp-content/plugins/divi-plus/styles/style.min3109.css]
[www.sotaimaging.com/wp-content/cache/min/1/fe5dcc168e2547158a98e00cbef96ce5.js]
[www.sotaimaging.com/wp-content/cache/min/1/wp-content/themes/Fuse/stylef14c.css]
[www.googletagmanager.com/gtm5445.html]
[www.sotaimaging.com/site.html]
[www.sotaimaging.com/safari-pinned-tab.svg]
[cdn.jsdelivr.net/npm/@mdi/font@5.4.55/css/materialdesignicons.min.css]
[www.sotaimaging.com/wp-content/uploads/2021/04/default-page-title-banner.jpg]
[www.sotaimaging.com/wp-json/wp/v2/pages/2288/index.html]
[js.hsforms.net/forms/v2.js]
[www.sotaimaging.com/wp-content/uploads/2021/05/SotaImagingSuiteLogo-300x157-1.png]
[www.sotaimaging.com/wp-content/uploads/2021/05/CheckMark.png]
[www.sotaimaging.com/wp-content/uploads/2021/07/sota-cloud-thumb.png]
[www.sotaimaging.com/wp-content/uploads/2021/05/ClioPrime.png]
[www.sotaimaging.com/wp-content/uploads/2021/05/Clio.png]
[www.sotaimaging.com/wp-content/uploads/2021/05/Claris.png]
[www.sotaimaging.com/wp-content/uploads/2021/05/SotaImage.png]
[www.sotaimaging.com/wp-content/uploads/2021/05/Customers.png]
[www.sotaimaging.com/demo/index.html]
[www.sotaimaging.com/wp-content/cache/min/1/wp-content/et-cache/2386/et-divi-dynamic-tb-1466-tb-2846-23868b72.css]
[www.sotaimaging.com/wp-content/cache/min/1/53cfb3cb948d0d6d43ead9af2abd5bab.js]
[www.sotaimaging.com/wp-content/uploads/2021/05/i5hd_1_19-e1546910810932.png]
[www.sotaimaging.com/wp-content/uploads/2021/06/incisor_detail.jpg]
[www.sotaimaging.com/wp-content/uploads/2021/06/Full-Smile.png]
[www.sotaimaging.com/wp-json/wp/v2/pages/2386/index.html]
[www.sotaimaging.com/wp-content/uploads/2021/06/single_molar.jpg]
[www.sotaimaging.com/wp-content/uploads/2021/06/upper_molar.jpg]
[www.sotaimaging.com/wp-content/uploads/2021/06/filling_detail.jpg]
[www.sotaimaging.com/wp-content/uploads/2021/06/lowerarch.png]
[www.sotaimaging.com/wp-content/uploads/2021/05/grid_distort-e1546910736160.png]
[www.sotaimaging.com/wp-content/uploads/2021/05/grid_claris-e1546910718648.png]
[www.sotaimaging.com/wp-content/uploads/2021/06/i5HD_Camera-Comparison-Chart.jpg]
[www.sotaimaging.com/wp-content/uploads/2021/05/i5hd_profile-1.jpg]
[www.sotaimaging.com/wp-content/uploads/2021/05/aluminum_sign.png]
[www.sotaimaging.com/wp-content/uploads/2021/05/weight.png]
[www.sotaimaging.com/wp-content/uploads/2021/05/i5hd_slide_illo.png]
[www.sotaimaging.com/wp-content/uploads/2021/05/i5hd_integration_illo.png]
[www.sotaimaging.com/wp-content/uploads/2021/05/i5hd_2_19-e1546910887852.png]
[www.sotaimaging.com/wp-content/cache/min/1/wp-content/plugins/divi-essential/styles/swiper.min8b72.css]
[www.sotaimaging.com/wp-content/uploads/2021/05/i5hd_powerful.jpg]
[www.sotaimaging.com/claris-i5hd-intraoral-camera/index.html]
[www.sotaimaging.com/wp-content/uploads/2021/06/Lower-Posterior-PA-02.jpg]
[www.sotaimaging.com/wp-content/cache/min/1/wp-content/et-cache/2407/et-divi-dynamic-tb-1466-tb-2846-2407b61f.css]
[www.sotaimaging.com/wp-content/cache/min/1/7f8bb59ee78e951c2ba5aff532b47360.js]
[www.sotaimaging.com/wp-content/uploads/2021/05/ClioPrimeLogo.png]
[www.sotaimaging.com/wp-content/uploads/2021/05/HeroSensorOnly_122820-01.png]
[www.sotaimaging.com/wp-content/uploads/2021/06/ImageQualityIcon.png]
[www.sotaimaging.com/wp-content/uploads/2021/06/RetakeIcon.png]
[www.sotaimaging.com/wp-content/uploads/2021/06/ConsistentIcon.png]
[www.sotaimaging.com/wp-json/wp/v2/pages/2407/index.html]
[www.sotaimaging.com/wp-content/uploads/2021/05/shoot-with-any-source.png]
[www.sotaimaging.com/wp-content/uploads/2021/05/ComfyCornerGroup.png]
[www.sotaimaging.com/wp-content/uploads/2021/06/Sized1.png]
[www.sotaimaging.com/wp-content/uploads/2021/06/Sized3.png]
[www.sotaimaging.com/wp-content/uploads/2021/06/Sized4.png]
[www.sotaimaging.com/wp-content/uploads/2021/06/Sized2.png]
[www.sotaimaging.com/wp-content/uploads/2021/06/Strength2.png]
[www.sotaimaging.com/wp-content/uploads/2021/06/BlueCheck.svg]
[www.sotaimaging.com/wp-content/uploads/2021/05/FullyIntegrated.png]
[www.sotaimaging.com/wp-content/uploads/2021/07/SOTAImageUpdatedLarge-1.png]
[www.sotaimaging.com/wp-content/uploads/2021/05/HeroBG_011421.jpg]
[www.sotaimaging.com/wp-content/uploads/2021/05/texturebg_011421.jpg]
[www.sotaimaging.com/clio-prime-digital-x-ray-sensor/index.html]
[www.sotaimaging.com/wp-content/cache/min/1/wp-content/et-cache/2339/et-divi-dynamic-tb-1466-tb-2846-23396a20.css]
[www.sotaimaging.com/wp-content/cache/min/1/4dcfed1bff1afe2796c27fba5f0a9d4e.js]
[www.sotaimaging.com/wp-content/uploads/2021/05/clio_banner.png]
[www.sotaimaging.com/wp-content/uploads/2021/05/clio_logo.png]
[www.sotaimaging.com/wp-content/uploads/2021/05/cliosensor.png]
[www.sotaimaging.com/wp-content/uploads/2021/05/crosssection.jpg]
[www.sotaimaging.com/wp-content/uploads/2021/05/xray2.jpg]
[www.sotaimaging.com/wp-json/wp/v2/pages/2339/index.html]
[www.sotaimaging.com/wp-content/uploads/2021/05/xray1.jpg]
[www.sotaimaging.com/clio-digital-x-ray-sensors-specs-warranty/index.html]
[www.sotaimaging.com/wp-content/uploads/2021/06/SOTAClioVsOthers.jpg]
[www.sotaimaging.com/wp-content/uploads/2021/07/better-experience.png]
[www.sotaimaging.com/wp-content/uploads/2021/07/lower-cost.png]
[www.sotaimaging.com/wp-content/uploads/2021/07/superior-images.png]
[www.sotaimaging.com/wp-content/uploads/2021/05/cliosoft.jpg]
[www.sotaimaging.com/wp-content/uploads/2021/05/sota_stories_logo.png]
[www.sotaimaging.com/wp-content/uploads/2021/07/Group-13.png]
[www.sotaimaging.com/wp-content/uploads/2021/07/Group-14.png]
[www.sotaimaging.com/wp-content/uploads/2021/05/clio_banner_bg.jpg]
[www.sotaimaging.com/wp-content/uploads/2021/05/sensor.png]
[www.sotaimaging.com/clio-digital-x-ray-sensor/index.html]
[www.sotaimaging.com/wp-content/cache/min/1/wp-content/et-cache/3482/et-divi-dynamic-tb-1466-tb-1483-34824f94.css]
[www.sotaimaging.com/wp-content/uploads/2021/08/CloudHero_080421.webm]
[www.sotaimaging.com/wp-content/uploads/2021/07/CloudWebpageCard.jpg]
[www.sotaimaging.com/wp-content/cache/min/1/7d62b6cafc11168cb5a521984706ec20.js]
[www.sotaimaging.com/wp-content/uploads/2021/07/Integration.qt]
[www.sotaimaging.com/wp-json/wp/v2/pages/3482/index.html]
[www.sotaimaging.com/wp-content/uploads/2021/07/SOTA-Cloud-Compatability.pdf]
[www.sotaimaging.com/wp-content/uploads/2021/07/FastWorkflows.mp4]
[www.sotaimaging.com/wp-content/uploads/2021/07/FastWorkflowsNumbers.mp4]
[www.sotaimaging.com/wp-content/uploads/2021/07/ImagesAnywhere.svg]
[www.sotaimaging.com/wp-content/uploads/2021/07/LetsGrow.mp4]
[www.sotaimaging.com/wp-content/uploads/2021/07/LittleThings.mp4]
[www.sotaimaging.com/wp-content/uploads/2021/07/AutomatedPatient_072821.png]
[www.sotaimaging.com/wp-content/uploads/2021/07/review-drbarry-thumb.png]
[www.sotaimaging.com/wp-content/uploads/2021/07/review-drbarry-profile.png]
[www.sotaimaging.com/wp-content/uploads/2021/07/review-dralvand-thumb.png]
[www.sotaimaging.com/wp-content/uploads/2021/07/review-dralvand-profile.png]
[www.sotaimaging.com/wp-content/uploads/2021/07/review-drtran-thumb.png]
[www.sotaimaging.com/wp-content/uploads/2021/07/review-drtran-profile.png]
[www.sotaimaging.com/wp-content/uploads/2021/07/SuperiorSoftware-1.jpg]
[www.sotaimaging.com/wp-content/uploads/2021/07/LimitlessScalability.svg]
[www.sotaimaging.com/wp-content/uploads/2021/07/OfflineModule.svg]
[www.sotaimaging.com/wp-content/uploads/2021/07/BulletproofSecurity.svg]
[www.sotaimaging.com/wp-content/uploads/2021/07/WereNice.png]
[www.sotaimaging.com/wp-content/uploads/2021/07/WeAnswer.svg]
[www.sotaimaging.com/wp-content/uploads/2021/07/CuttingEdge-1.jpg]
[www.sotaimaging.com/sota-cloud/index.html]
[www.sotaimaging.com/wp-content/cache/min/1/wp-content/et-cache/2461/et-divi-dynamic-tb-1466-tb-2846-24611a7d.css]
[www.sotaimaging.com/wp-content/cache/min/1/db462a1b05b828cb9a3dbc228cfd8f1e.js]
[www.sotaimaging.com/wp-content/uploads/2021/05/cliosoft_banner.png]
[www.sotaimaging.com/wp-content/uploads/2021/05/cliosoft_logo.png]
[www.sotaimaging.com/wp-content/uploads/2021/05/cliosoft-1.jpg]
[www.sotaimaging.com/wp-content/uploads/2021/05/cliosoft_in_office.jpg]
[www.sotaimaging.com/wp-content/uploads/2021/05/cliosoft_sync.jpg]
[www.sotaimaging.com/sota-image-system-requirements/index.html]
[www.sotaimaging.com/wp-content/uploads/2021/06/cliosoft_oneclick-1.jpg]
[www.sotaimaging.com/wp-content/uploads/2021/05/cliosoft_custom.jpg]
[www.sotaimaging.com/wp-json/wp/v2/pages/2461/index.html]
[www.sotaimaging.com/wp-content/uploads/2021/05/toolicons.png]
[www.sotaimaging.com/wp-content/uploads/2021/05/toolicons2.png]
[www.sotaimaging.com/wp-content/uploads/2021/05/tool_color.jpg]
[www.sotaimaging.com/wp-content/uploads/2021/05/tool_invert.jpg]
[www.sotaimaging.com/wp-content/uploads/2021/05/tool_sharpen.jpg]
[www.sotaimaging.com/wp-content/uploads/2021/05/tool_export.jpg]
[www.sotaimaging.com/wp-content/uploads/2021/05/tool_measure.jpg]
[www.sotaimaging.com/wp-content/uploads/2021/05/tool_annotate.jpg]
[www.sotaimaging.com/wp-content/uploads/2021/05/cliosoft_banner_bg.jpg]
[www.sotaimaging.com/wp-content/uploads/2021/05/sotastory3.jpg]
[www.sotaimaging.com/sota-image/index.html]
[www.sotaimaging.com/wp-content/cache/min/1/wp-content/et-cache/2368/et-divi-dynamic-tb-1466-tb-1483-2368546a.css]
[www.sotaimaging.com/wp-content/uploads/2021/05/CazooLogo_WhiteSmall.png]
[www.sotaimaging.com/wp-content/uploads/2021/05/CazooVertGroup-v03.jpg]
[www.sotaimaging.com/wp-content/uploads/2021/05/AerosolsOut.jpg]
[www.sotaimaging.com/wp-content/uploads/2021/05/SaferOperatory.jpg]
[www.sotaimaging.com/wp-content/cache/min/1/31185d66b8b141799d8bf8428168e4ac.js]
[www.sotaimaging.com/wp-json/wp/v2/pages/2368/index.html]
[www.sotaimaging.com/wp-content/uploads/2021/05/AirflowImage.jpg]
[www.sotaimaging.com/wp-content/uploads/2021/05/ComfortImage.jpg]
[www.sotaimaging.com/wp-content/uploads/2021/05/HandsFree.jpg]
[www.sotaimaging.com/wp-content/uploads/2021/05/HVECompatability.jpg]
[www.sotaimaging.com/wp-content/uploads/2021/05/AttachmentCapable.jpg]
[www.sotaimaging.com/wp-content/uploads/2021/05/RetractorClip.jpg]
[www.sotaimaging.com/wp-content/uploads/2021/05/PressureOpt.jpg]
[www.sotaimaging.com/wp-content/uploads/2021/05/HeroBG.jpg]
[www.sotaimaging.com/cazoo/index.html]
[www.sotaimaging.com/wp-content/uploads/2021/05/image.png]
[www.sotaimaging.com/wp-content/uploads/2021/05/demo-mail-icon-01.jpg]
[www.sotaimaging.com/wp-content/uploads/2021/05/demo-mail-icon-02.jpg]
[www.sotaimaging.com/wp-content/uploads/2021/05/demo-mail-icon-03.jpg]
[www.sotaimaging.com/wp-content/uploads/2021/05/allinthebox.jpg]
[www.sotaimaging.com/wp-json/wp/v2/pages/2305/index.html]
[www.sotaimaging.com/wp-content/uploads/2021/05/sota_tech_support.jpg]
[www.sotaimaging.com/wp-content/cache/min/1/f0273c347b42be13351036d42ac7134b.js]
[www.sotaimaging.com/wp-content/uploads/2021/05/ChrisCortes_darby-1.png]
[www.sotaimaging.com/wp-content/uploads/2021/05/schein.png]
[www.sotaimaging.com/wp-content/uploads/2021/05/patterson.png]
[www.sotaimaging.com/wp-content/uploads/2021/05/benco.png]
[www.sotaimaging.com/wp-content/uploads/2021/05/darby.png]
[www.sotaimaging.com/wp-content/uploads/2021/05/burkhart.png]
[www.sotaimaging.com/wp-content/uploads/2021/06/cloud-bg-1.jpg]
[www.sotaimaging.com/demo-by-mail/index.html]
[www.sotaimaging.com/wp-content/uploads/2021/05/sota_tradein_thumb-510x510.jpg]
[www.sotaimaging.com/wp-content/uploads/2021/05/ClioPrime_Pair_anglesquare.png]
[www.sotaimaging.com/wp-content/uploads/2021/12/ClioPrime_Pair_AngleTight.png]
[www.sotaimaging.com/wp-content/cache/min/1/dabe5360c7c1843e1e9603f3d80ee767.js]
[www.sotaimaging.com/wp-content/uploads/2021/05/sota_tradein_thumb.jpg]
[www.sotaimaging.com/wp-json/wp/v2/pages/2274/index.html]
[www.sotaimaging.com/wp-content/uploads/2021/06/offer-claris-tradein.jpg]
[www.sotaimaging.com/wp-content/uploads/2021/05/quarterly_promo_2_img.png]
[www.sotaimaging.com/wp-content/uploads/2021/06/offer-claris.jpg]
[www.sotaimaging.com/wp-content/uploads/2021/09/CloudSquare.png]
[www.sotaimaging.com/wp-content/uploads/2021/07/cloud-slide-mobile-05.png]
[www.sotaimaging.com/wp-content/uploads/2021/05/sota-deal-sotaimage.png]
[www.sotaimaging.com/wp-content/uploads/2021/06/offer-sota.jpg]
[www.sotaimaging.com/deals/index.html]
[www.sotaimaging.com/wp-content/cache/min/1/wp-content/et-cache/2331/et-divi-dynamic-tb-1466-tb-2846-2331-late6508.css]
[www.sotaimaging.com/wp-content/cache/min/1/wp-content/et-cache/2331/et-divi-dynamic-tb-1466-tb-2846-23310677.css]
[get.anydesk.com/_static/dl-btn-wr-large.png]
[www.sotaimaging.com/wp-content/cache/min/1/2b56262a1a8450a9a07868a91a51d078.js]
[www.sotaimaging.com/wp-json/wp/v2/pages/2331/index.html]
[www.sotaimaging.com/technical-support/index.html]
[www.sotaimaging.com/wp-content/cache/min/1/wp-content/et-cache/2264/et-divi-dynamic-tb-1466-tb-2846-22640677.css]
[www.sotaimaging.com/wp-content/uploads/2021/05/vid_cable.jpg]
[www.sotaimaging.com/wp-content/cache/min/1/8ee5291d0a52ad7e079da7dd24e8b69b.js]
[www.sotaimaging.com/wp-content/uploads/2021/05/vid_cradle.jpg]
[www.sotaimaging.com/wp-content/uploads/2021/05/vid_sheath.jpg]
[www.sotaimaging.com/wp-content/uploads/2021/05/vid_photos.jpg]
[www.sotaimaging.com/wp-json/wp/v2/pages/2264/index.html]
[www.sotaimaging.com/wp-content/uploads/2021/05/Claris_User_Guide_Rev.pdf]
[www.sotaimaging.com/product-training/index.html]
[www.sotaimaging.com/wp-content/cache/min/1/acd688b767b806d8017396177ddc8aa2.js]
[www.sotaimaging.com/wp-content/cache/min/1/wp-content/et-cache/2324/et-divi-dynamic-tb-1466-tb-2846-2324d27a.css]
[www.sotaimaging.com/wp-content/themes/Fuse/downloads/claris-i5hd/Button Tray Utility 2.2 Setup.exe]
[www.sotaimaging.com/wp-json/wp/v2/pages/2324/index.html]
[www.sotaimaging.com/wp-content/themes/Fuse/downloads/claris-i4d/Claris Installer 1.1.2.zip]
[www.sotaimaging.com/wp-content/themes/Fuse/downloads/claris-i4d/Claris_x32.zip]
[www.sotaimaging.com/wp-content/themes/Fuse/downloads/claris-i4d/Claris_x64.zip]
[www.sotaimaging.com/wp-content/uploads/2021/06/Claris_User_Guide_Rev.pdf]
[www.sotaimaging.com/wp-content/themes/Fuse/downloads/claris-i310/Claris_i310CE_32bit_NET.zip]
[www.sotaimaging.com/wp-content/themes/Fuse/downloads/claris-i310/Claris_i310CE_64bit_NET.zip]
[www.sotaimaging.com/wp-content/themes/Fuse/downloads/clio-sensors/Clio Connect Setup.exe]
[www.sotaimaging.com/wp-content/themes/Fuse/downloads/clio-sensors/SetupIntraOralUsb_32bit.exe]
[www.sotaimaging.com/wp-content/themes/Fuse/downloads/clio-sensors/SetupIntraOralUsb_64bit.exe]
[www.sotaimaging.com/wp-content/themes/Fuse/downloads/clio-sensors/SetupIntraOralUSB_Patch_FW_Win10.exe]
[www.sotaimaging.com/drivers-and-downloads/index.html]
[www.sotaimaging.com/wp-content/cache/min/1/wp-content/et-cache/2244/et-divi-dynamic-tb-1466-tb-1483-22440bb0.css]
[www.sotaimaging.com/wp-content/cache/min/1/687d0e197e41a5daacb1e6e0c6373986.js]
[www.sotaimaging.com/wp-content/uploads/2021/05/madeInCali.jpg]
[www.sotaimaging.com/about/index.html]
[www.sotaimaging.com/wp-json/wp/v2/pages/2244/index.html]
[www.sotaimaging.com/wp-content/cache/min/1/1d0210c2d3d44a5df4a37006761786b6.js]
[www.sotaimaging.com/wp-content/cache/min/1/wp-content/et-cache/2251/et-divi-dynamic-tb-1466-tb-2846-22516460.css]
[www.sotaimaging.com/wp-content/uploads/2021/05/map.jpg]
[www.sotaimaging.com/wp-content/uploads/2021/05/howardGlazer.jpg]
[www.sotaimaging.com/wp-content/uploads/2021/05/christineThai.jpg]
[www.sotaimaging.com/wp-content/uploads/2021/05/craigBurrow.jpg]
[www.sotaimaging.com/wp-content/uploads/2021/05/fbreviews.jpg]
[www.sotaimaging.com/testimonials/index.html]
[www.sotaimaging.com/wp-json/wp/v2/pages/2251/index.html]
[www.sotaimaging.com/wp-content/cache/min/1/4793b746668211952b1eb7821ae74e6d.js]
[www.sotaimaging.com/wp-content/cache/min/1/wp-content/et-cache/2446/et-divi-dynamic-tb-1466-tb-2846-2446e752.css]
[www.sotaimaging.com/wp-content/uploads/2021/05/han_claris.jpg]
[www.sotaimaging.com/wp-json/wp/v2/pages/2446/index.html]
[www.sotaimaging.com/sota-success-stories/index.html]
[www.sotaimaging.com/wp-content/cache/min/1/d313956c44228bd36b6174bc9c99ee74.js]
[www.sotaimaging.com/wp-content/cache/min/1/wp-content/et-cache/1622/et-divi-dynamic-tb-1466-tb-1483-1622-lateebd6.css]
[www.sotaimaging.com/wp-content/cache/min/1/wp-content/et-cache/1622/et-divi-dynamic-tb-1466-tb-1483-16221d54.css]
[www.sotaimaging.com/wp-content/uploads/2021/05/orangecounty.jpg]
[www.sotaimaging.com/wp-json/wp/v2/pages/1622/index.html]
[www.sotaimaging.com/contact/index.html]
[www.sotaimaging.com/wp-content/cache/min/1/19bcc501bfbb545145067b4097a815f0.js]
[www.sotaimaging.com/wp-content/cache/min/1/wp-content/et-cache/2771/et-divi-dynamic-tb-1466-tb-1483-2771a2b5.css]
[www.sotaimaging.com/wp-content/uploads/2022/02/2022Q1ComparisonCard.png]
[www.sotaimaging.com/wp-content/uploads/2021/10/TestimonialCard.png]
[www.sotaimaging.com/wp-content/uploads/2022/01/2022Q1PromoCard.png]
[www.sotaimaging.com/wp-json/wp/v2/pages/2771/index.html]
[www.sotaimaging.com/wp-content/uploads/2021/10/NiftyThriftyLiveCard.png]
[www.sotaimaging.com/wp-content/uploads/2021/08/CloudImagesCard.png]
[www.sotaimaging.com/wp-content/uploads/2021/09/CloudDemoCard.png]
[www.sotaimaging.com/wp-content/uploads/2021/09/CloudLayoutsCard.png]
[www.sotaimaging.com/wp-content/uploads/2021/08/EbookCard2.png]
[www.sotaimaging.com/wp-content/uploads/2021/08/CloudSummaryCard.png]
[www.sotaimaging.com/wp-content/uploads/2021/08/CloudCompatibilityCard.png]
[www.sotaimaging.com/wp-content/uploads/2021/07/EbookCard.png]
[www.sotaimaging.com/wp-content/uploads/2021/07/ClioPrimeIntegrationCard-1.png]
[www.sotaimaging.com/wp-content/uploads/2021/07/ClarisSummaryCard.png]
[www.sotaimaging.com/wp-content/uploads/2021/07/ClioPrimeSummaryCard.png]
[www.sotaimaging.com/wp-content/uploads/2021/07/CameraComparisonCard.png]
[www.sotaimaging.com/wp-content/uploads/2021/07/SotaImageCard.png]
[www.sotaimaging.com/wp-content/uploads/2021/07/ClioSummaryCard.png]
[www.sotaimaging.com/wp-content/uploads/2021/06/HeroImage-1.jpg]
[www.sotaimaging.com/resource-library/index.html]
[www.sotaimaging.com/wp-includes/css/dist/block-library/style.min1eb7.css]
[www.sotaimaging.com/wp-content/cache/min/1/wp-content/et-cache/865/et-divi-dynamic-tb-1466-tb-1483-865-late90ef.css]
[www.sotaimaging.com/wp-content/cache/min/1/wp-content/et-cache/865/et-divi-dynamic-tb-1466-tb-1483-865690b.css]
[www.sotaimaging.com/sitemap/index.html]
[www.sotaimaging.com/wp-content/cache/min/1/0f4fd17e9875201f31d9eb66832cb1a0.js]
[www.sotaimaging.com/privacy/index.html]
[www.sotaimaging.com/wp-json/wp/v2/pages/865/index.html]
[cdn.jsdelivr.net/npm/@mdi/font@5.4.55/css/materialdesignicons.min.css]
[www.sotaimaging.com/testing-sliders/index.html]
[www.sotaimaging.com/sotacare/index.html]
[www.sotaimaging.com/index76e4.html]
[www.sotaimaging.com/wp-content/cache/min/1/440a16cecbdacc091137c13e9d410110.js]
[www.sotaimaging.com/product-registration/index.html]
[www.sotaimaging.com/thanks-for-contacting-us/index.html]
[www.sotaimaging.com/wp-content/cache/min/1/wp-content/et-cache/2386/et-divi-dynamic-tb-1466-tb-2846-23868b72.css]
[www.sotaimaging.com/privacy-policy/index.html]
[www.sotaimaging.com/index9210.html]
[www.sotaimaging.com/wp-content/cache/min/1/wp-content/plugins/divi-essential/styles/swiper.min8b72.css]
[www.sotaimaging.com/wp-content/cache/min/1/wp-content/et-cache/2407/et-divi-dynamic-tb-1466-tb-2846-2407b61f.css]
[www.sotaimaging.com/index2807.html]
[www.sotaimaging.com/wp-content/uploads/2021/06/BlueCheck.svg]
[www.sotaimaging.com/wp-content/cache/min/1/wp-content/et-cache/2339/et-divi-dynamic-tb-1466-tb-2846-23396a20.css]
[www.sotaimaging.com/index03b7.html]
[www.sotaimaging.com/sotaxpearl/index.html]
[www.sotaimaging.com/conventions-seminars/index.html]
[www.sotaimaging.com/wp-content/uploads/2021/05/clio-1.png]
[www.sotaimaging.com/wp-content/uploads/2021/07/Clio_Brochure.pdf]
[www.sotaimaging.com/wp-json/wp/v2/pages/2318/index.html]
[www.sotaimaging.com/clio-digital-x-ray-sensors-specs-warranty/index.html]
[www.sotaimaging.com/wp-content/cache/min/1/wp-content/et-cache/3482/et-divi-dynamic-tb-1466-tb-1483-34824f94.css]
[www.sotaimaging.com/index761f.html]
[www.sotaimaging.com/wp-content/uploads/2021/07/ImagesAnywhere.svg]
[www.sotaimaging.com/wp-content/uploads/2021/07/LimitlessScalability.svg]
[www.sotaimaging.com/wp-content/uploads/2021/07/BulletproofSecurity.svg]
[www.sotaimaging.com/wp-content/uploads/2021/07/OfflineModule.svg]
[www.sotaimaging.com/wp-content/uploads/2021/07/WeAnswer.svg]
[www.sotaimaging.com/wp-content/cache/min/1/wp-content/et-cache/2461/et-divi-dynamic-tb-1466-tb-2846-24611a7d.css]
[www.sotaimaging.com/indexcd86.html]
[www.sotaimaging.com/wp-content/cache/min/1/25d70e4f364c56c9bd91c047fb454284.js]
[www.sotaimaging.com/wp-content/cache/min/1/wp-content/et-cache/2313/et-divi-dynamic-tb-1466-tb-1483-23131a27.css]
[www.sotaimaging.com/sota-image-system-requirements/index.html]
[www.sotaimaging.com/wp-json/wp/v2/pages/2313/index.html]
[www.sotaimaging.com/wp-content/cache/min/1/14de88ee606935b8f4943f0912e17d77.js]
[www.sotaimaging.com/wp-content/cache/min/1/wp-content/et-cache/2368/et-divi-dynamic-tb-1466-tb-1483-2368546a.css]
[www.sotaimaging.com/index07c5.html]
[www.sotaimaging.com/index98d4.html]
[www.sotaimaging.com/wp-content/cache/min/1/wp-content/et-cache/2274/et-divi-dynamic-tb-1466-tb-1483-22740677.css]
[www.sotaimaging.com/index64dc.html]
[www.sotaimaging.com/wp-content/cache/min/1/wp-content/et-cache/2331/et-divi-dynamic-tb-1466-tb-2846-2331-late6508.css]
[www.sotaimaging.com/wp-content/cache/min/1/wp-content/et-cache/2331/et-divi-dynamic-tb-1466-tb-2846-23310677.css]
[www.sotaimaging.com/index988d.html]
[www.sotaimaging.com/wp-content/cache/min/1/wp-content/et-cache/2264/et-divi-dynamic-tb-1466-tb-2846-22640677.css]
[www.sotaimaging.com/index8af8.html]
[www.sotaimaging.com/wp-content/cache/min/1/wp-content/et-cache/2324/et-divi-dynamic-tb-1466-tb-2846-2324d27a.css]
[www.sotaimaging.com/indexad86.html]
[www.sotaimaging.com/wp-content/themes/Fuse/downloads/claris-i310/i310CD 32bit.zip]
[www.sotaimaging.com/wp-content/cache/min/1/wp-content/et-cache/2244/et-divi-dynamic-tb-1466-tb-1483-22440bb0.css]
[www.sotaimaging.com/index4c6d.html]
[www.sotaimaging.com/wp-content/cache/min/1/wp-content/et-cache/2251/et-divi-dynamic-tb-1466-tb-2846-22516460.css]
[www.sotaimaging.com/wp-content/cache/min/1/wp-content/et-cache/2446/et-divi-dynamic-tb-1466-tb-2846-2446e752.css]
[www.sotaimaging.com/index574f.html]
[www.sotaimaging.com/wp-content/cache/min/1/wp-content/et-cache/1622/et-divi-dynamic-tb-1466-tb-1483-1622-lateebd6.css]
[www.sotaimaging.com/wp-content/cache/min/1/wp-content/et-cache/1622/et-divi-dynamic-tb-1466-tb-1483-16221d54.css]
[www.sotaimaging.com/index3492.html]
[www.sotaimaging.com/wp-content/cache/min/1/wp-content/et-cache/2771/et-divi-dynamic-tb-1466-tb-1483-2771a2b5.css]
[www.sotaimaging.com/index2cf7.html]
[www.sotaimaging.com/wp-includes/css/dist/block-library/style.min1eb7.css]
[www.sotaimaging.com/wp-content/cache/min/1/wp-content/et-cache/865/et-divi-dynamic-tb-1466-tb-1483-865-late90ef.css]
[www.sotaimaging.com/wp-content/cache/min/1/wp-content/et-cache/865/et-divi-dynamic-tb-1466-tb-1483-865690b.css]
[www.sotaimaging.com/index2d45.html]
[www.sotaimaging.com/wp-content/cache/min/1/wp-content/et-cache/3677/et-divi-dynamic-tb-1466-tb-1483-36771a8a.css]
[www.sotaimaging.com/testing-sliders/index.html]
[www.sotaimaging.com/wp-json/wp/v2/pages/3677/index.html]
[www.sotaimaging.com/wp-content/cache/min/1/58f7e5bcb16a877495884f77673a2bb1.js]
[www.sotaimaging.com/wp-content/cache/min/1/wp-content/et-cache/3793/et-divi-dynamic-tb-1466-tb-2846-3793-late20da.css]
[www.sotaimaging.com/wp-content/cache/min/1/wp-content/et-cache/3793/et-divi-dynamic-tb-1466-tb-2846-37937065.css]
[www.sotaimaging.com/thanks-for-contacting-us/index.html]
[www.sotaimaging.com/wp-content/cache/min/1/5d8e993fc595a5a4d8d6383d90210da8.js]
[www.sotaimaging.com/wp-content/uploads/2021/05/SotaCare.png]
[www.sotaimaging.com/wp-content/uploads/2021/05/ico-priority-support.png]
[www.sotaimaging.com/wp-content/uploads/2021/05/ico-premium-protection.png]
[www.sotaimaging.com/wp-json/wp/v2/pages/3793/index.html]
[www.sotaimaging.com/wp-content/uploads/2021/05/ico-extended-warranty.png]
[www.sotaimaging.com/wp-content/uploads/2021/05/sotacare-pricing.png]
[www.sotaimaging.com/wp-content/uploads/2021/05/card-clio-glow1.png]
[www.sotaimaging.com/wp-content/uploads/2021/05/card-claris-i5HD-glow1.png]
[www.sotaimaging.com/wp-json/wp/v2/pages/2430/index.html]
[www.sotaimaging.com/wp-content/uploads/2021/05/card-sotaimage-glow1.png]
[www.sotaimaging.com/sotacare/index.html]
[www.sotaimaging.com/wp-content/cache/min/1/wp-content/et-cache/2334/et-divi-dynamic-tb-1466-tb-1483-233494c5.css]
[www.sotaimaging.com/product-registration/index.html]
[www.sotaimaging.com/wp-content/cache/min/1/a5fbbf7f4526ad7264ff4f09ac91a49c.js]
[www.sotaimaging.com/wp-content/cache/min/1/282f03235cfcde0b5000649147cc73f3.js]
[www.sotaimaging.com/wp-json/wp/v2/pages/2334/index.html]
[www.sotaimaging.com/wp-content/cache/min/1/wp-content/et-cache/2261/et-divi-dynamic-tb-1466-tb-1483-22618e62.css]
[www.sotaimaging.com/wp-content/uploads/2021/05/events.jpg]
[www.sotaimaging.com/conventions-seminars/index.html]
[www.sotaimaging.com/wp-content/cache/min/1/wp-content/et-cache/544/et-divi-dynamic-tb-1466-tb-1483-5443302.css]
[www.sotaimaging.com/wp-content/cache/min/1/169c0f97625666370afcde028fa97f90.js]
[www.sotaimaging.com/privacy-policy/index.html]
[www.sotaimaging.com/wp-json/wp/v2/pages/2261/index.html]
[www.sotaimaging.com/wp-json/wp/v2/pages/544/index.html]
[www.sotaimaging.com/wp-content/cache/min/1/cbe320aa6019cb5d16aa6d2ad88cb115.js]
[www.sotaimaging.com/wp-content/uploads/2022/10/Pearl-X-SOTA-16x9@2x-1080x608.png]
[www.sotaimaging.com/wp-content/cache/min/1/wp-content/et-cache/4019/et-divi-dynamic-tb-1466-tb-1483-4019cc5c.css]
[www.sotaimaging.com/sotaxpearl/index.html]
[www.sotaimaging.com/index2501.html]
[www.sotaimaging.com/sotaxpearl/feed/index.html]
[www.sotaimaging.com/wp-content/cache/min/1/wp-content/et-cache/2313/et-divi-dynamic-tb-1466-tb-1483-23131a27.css]
[www.sotaimaging.com/wp-json/wp/v2/posts/4019/index.html]
[www.sotaimaging.com/indexdce5.html]
[www.sotaimaging.com/indexbd91.html]
[www.sotaimaging.com/wp-content/cache/min/1/wp-content/et-cache/3677/et-divi-dynamic-tb-1466-tb-1483-36771a8a.css]
[www.sotaimaging.com/index1e40.html]
[www.sotaimaging.com/wp-content/cache/min/1/wp-content/et-cache/3793/et-divi-dynamic-tb-1466-tb-2846-3793-late20da.css]
[www.sotaimaging.com/wp-content/cache/min/1/wp-content/et-cache/3793/et-divi-dynamic-tb-1466-tb-2846-37937065.css]
[www.sotaimaging.com/indexffdc.html]
[www.sotaimaging.com/wp-content/cache/min/1/wp-content/et-cache/2430/et-divi-dynamic-tb-1466-tb-1483-24307abd.css]
[www.sotaimaging.com/index8f6a.html]
[www.sotaimaging.com/wp-content/cache/min/1/wp-content/et-cache/2334/et-divi-dynamic-tb-1466-tb-1483-233494c5.css]
[www.sotaimaging.com/indexb4c3.html]
[www.sotaimaging.com/wp-content/cache/min/1/wp-content/et-cache/2261/et-divi-dynamic-tb-1466-tb-1483-22618e62.css]
[www.sotaimaging.com/index8acf.html]
[www.sotaimaging.com/wp-content/cache/min/1/wp-content/et-cache/544/et-divi-dynamic-tb-1466-tb-1483-5443302.css]
[www.sotaimaging.com/index044f.html]
[www.sotaimaging.com/wp-content/cache/min/1/wp-content/et-cache/4019/et-divi-dynamic-tb-1466-tb-1483-4019cc5c.css]
[www.sotaimaging.com/indexf743.html]
[www.sotaimaging.com/wp-content/cache/min/1/ea2fa176f3b495392de5e3f56646e19f.js]
[www.sotaimaging.com/author/sota-imaging/index.html]
[www.sotaimaging.com/category/uncategorized/index.html]
[www.sotaimaging.com/wp-content/cache/min/1/wp-content/et-cache/author/3/et-divi-dynamic-tb-1466-tb-1483-late9282.css]
[www.sotaimaging.com/wp-content/cache/min/1/wp-content/et-cache/author/3/et-divi-dynamic-tb-1466-tb-1483f95d.css]
[www.sotaimaging.com/author/sota-imaging/index.html]
[www.sotaimaging.com/wp-content/cache/min/1/8b2291fcac961fb5d76339e342683961.js]
[www.sotaimaging.com/wp-content/cache/min/1/wp-content/et-cache/taxonomy/category/1/et-divi-dynamic-tb-1466-tb-14834d5b.css]
[www.sotaimaging.com/author/sota-imaging/feed/index.html]
[www.sotaimaging.com/category/uncategorized/index.html]
[www.sotaimaging.com/wp-json/wp/v2/users/3/index.html]
[www.sotaimaging.com/wp-content/cache/min/1/wp-content/et-cache/author/3/et-divi-dynamic-tb-1466-tb-1483-late9282.css]
[www.sotaimaging.com/wp-content/cache/min/1/wp-content/et-cache/author/3/et-divi-dynamic-tb-1466-tb-1483f95d.css]
[www.sotaimaging.com/wp-content/cache/min/1/2fb643d4ddb4e7368b7025ace03fbe43.js]
[www.sotaimaging.com/category/uncategorized/feed/index.html]
[www.sotaimaging.com/wp-content/cache/min/1/wp-content/et-cache/taxonomy/category/1/et-divi-dynamic-tb-1466-tb-14834d5b.css]
[www.sotaimaging.com/wp-json/wp/v2/categories/1/index.html]
